stm32f4xx_ll_rcc.h:2951:22:LL_RCC_HSE_Enable	4	static
stm32f4xx_ll_rcc.h:2971:26:LL_RCC_HSE_IsReady	4	static
stm32f4xx_ll_rcc.h:3190:22:LL_RCC_SetSysClkSource	16	static
stm32f4xx_ll_rcc.h:3206:26:LL_RCC_GetSysClkSource	4	static
stm32f4xx_ll_rcc.h:3226:22:LL_RCC_SetAHBPrescaler	16	static
stm32f4xx_ll_rcc.h:3242:22:LL_RCC_SetAPB1Prescaler	16	static
stm32f4xx_ll_rcc.h:3258:22:LL_RCC_SetAPB2Prescaler	16	static
stm32f4xx_ll_rcc.h:3596:22:LL_RCC_SetI2SClockSource	16	static
stm32f4xx_ll_rcc.h:4186:22:LL_RCC_PLL_Enable	4	static
stm32f4xx_ll_rcc.h:4207:26:LL_RCC_PLL_IsReady	4	static
stm32f4xx_ll_rcc.h:4306:22:LL_RCC_PLL_ConfigDomain_SYS	24	static
stm32f4xx_ll_rcc.h:5135:22:LL_RCC_PLLI2S_Enable	4	static
stm32f4xx_ll_rcc.h:5155:26:LL_RCC_PLLI2S_IsReady	4	static
stm32f4xx_ll_rcc.h:5663:22:LL_RCC_PLLI2S_ConfigDomain_I2S	32	static
stm32f4xx_ll_system.h:1542:22:LL_FLASH_SetLatency	16	static
stm32f4xx_ll_system.h:1568:26:LL_FLASH_GetLatency	4	static
stm32f4xx_ll_pwr.h:507:22:LL_PWR_SetRegulVoltageScaling	16	static
stm32f4xx_ll_usart.h:409:22:LL_USART_Enable	16	static
stm32f4xx_ll_usart.h:1802:26:LL_USART_IsActiveFlag_TC	16	static
stm32f4xx_ll_usart.h:2034:22:LL_USART_EnableIT_RXNE	16	static
stm32f4xx_ll_usart.h:2425:22:LL_USART_TransmitData8	16	static
main.c:86:6:append_data	16	static
main.c:125:5:main	32	static
main.c:245:6:SystemClock_Config	8	static
main.c:304:5:__io_putchar	16	static
main.c:318:6:HAL_I2S_RxHalfCpltCallback	16	static
main.c:322:6:HAL_I2S_RxCpltCallback	16	static
main.c:334:6:Error_Handler	4	static,ignoring_inline_asm
