stm32f4xx_ll_usart.h:1791:26:LL_USART_IsActiveFlag_RXNE	16	static
stm32f4xx_ll_usart.h:2402:25:LL_USART_ReceiveData8	16	static
stm32f4xx_it.c:97:6:NMI_Handler	4	static
stm32f4xx_it.c:112:6:HardFault_Handler	4	static
stm32f4xx_it.c:127:6:MemManage_Handler	4	static
stm32f4xx_it.c:142:6:BusFault_Handler	4	static
stm32f4xx_it.c:157:6:UsageFault_Handler	4	static
stm32f4xx_it.c:172:6:SVC_Handler	4	static
stm32f4xx_it.c:185:6:DebugMon_Handler	4	static
stm32f4xx_it.c:198:6:PendSV_Handler	4	static
stm32f4xx_it.c:211:6:SysTick_Handler	8	static
stm32f4xx_it.c:232:6:DMA1_Stream3_IRQHandler	8	static
stm32f4xx_it.c:246:6:USART2_IRQHandler	8	static
